<html>
<body>
<pre>
<h1>µVision Build Log</h1>
<h2>Tool Versions:</h2>
IDE-Version: µVision V5.31.0.0
Copyright (C) 2020 ARM Ltd and ARM Germany GmbH. All rights reserved.
License Information: Berkay Gürkan, YTU, LIC=4ZLPC-7578P-UKMB6-DK2KB-RD7AF-GMKI0
 
Tool Versions:
Toolchain:       MDK-ARM Professional  Version: 5.31.0.0
Toolchain Path:  C:\Keil_v5\ARM\ARMCC\Bin
C Compiler:      Armcc.exe V5.06 update 6 (build 750)
Assembler:       Armasm.exe V5.06 update 6 (build 750)
Linker/Locator:  ArmLink.exe V5.06 update 6 (build 750)
Library Manager: ArmAr.exe V5.06 update 6 (build 750)
Hex Converter:   FromElf.exe V5.06 update 6 (build 750)
CPU DLL:         SARMCM3.DLL V5.31.0.0
Dialog DLL:      DCM.DLL V1.17.3.0
Target DLL:      STLink\ST-LINKIII-KEIL_SWO.dll V3.0.7.0
Dialog DLL:      TCM.DLL V1.46.0.0
 
<h2>Project:</h2>
D:\TestSTM\Project\MDK-ARM\Project.uvprojx
Project File Date:  01/05/2021

<h2>Output:</h2>
*** Using Compiler 'V5.06 update 6 (build 750)', folder: 'C:\Keil_v5\ARM\ARMCC\Bin'
Build target 'Project'
compiling main.c...
../Core/Src/main.c(591): warning:  #61-D: integer operation result is out of range
  	 GPIOA->BSRR=(GPIO_PIN_15)<<16u;																																													// Reset		
../Core/Src/main.c(591): warning:  #68-D: integer conversion resulted in a change of sign
  	 GPIOA->BSRR=(GPIO_PIN_15)<<16u;																																													// Reset		
../Core/Src/main.c(638): warning:  #61-D: integer operation result is out of range
  	 GPIOA->BSRR=(GPIO_PIN_15)<<16u;																																													// Reset		
../Core/Src/main.c(638): warning:  #68-D: integer conversion resulted in a change of sign
  	 GPIOA->BSRR=(GPIO_PIN_15)<<16u;																																													// Reset		
../Core/Src/main.c(34): warning:  #177-D: function "MX_GPIO_Init_Reverse"  was declared but never referenced
  static void MX_GPIO_Init_Reverse(void);
../Core/Src/main.c: 5 warnings, 0 errors
linking...
Program Size: Code=7772 RO-data=300 RW-data=84 ZI-data=1324  
FromELF: creating hex file...
"Project\Project.axf" - 0 Error(s), 5 Warning(s).

<h2>Software Packages used:</h2>

Package Vendor: ARM
                http://www.keil.com/pack/ARM.CMSIS.5.7.0.pack
                ARM.CMSIS.5.7.0
                CMSIS (Cortex Microcontroller Software Interface Standard)
   * Component: CORE Version: 5.4.0

Package Vendor: Keil
                http://www.keil.com/pack/Keil.STM32F1xx_DFP.2.3.0.pack
                Keil.STM32F1xx_DFP.2.3.0
                STMicroelectronics STM32F1 Series Device Support, Drivers and Examples

<h2>Collection of Component include folders:</h2>
  .\RTE\_Project
  C:\Users\berka\AppData\Local\Arm\Packs\ARM\CMSIS\5.7.0\CMSIS\Core\Include
  C:\Users\berka\AppData\Local\Arm\Packs\Keil\STM32F1xx_DFP\2.3.0\Device\Include

<h2>Collection of Component Files used:</h2>

   * Component: ARM::CMSIS:CORE:5.4.0
      Include file:  CMSIS\Core\Include\tz_context.h
Build Time Elapsed:  00:00:01
</pre>
</body>
</html>
